2026-08-09 16:43:47.085 OK status=200 len=729 elapsed_ms=323
2026-08-09 16:44:00.550 OK status=200 len=729 elapsed_ms=70
2026-08-09 16:44:13.723 OK status=200 len=729 elapsed_ms=71
2026-08-09 16:44:26.899 OK status=200 len=729 elapsed_ms=94
2026-08-09 16:44:40.091 OK status=200 len=729 elapsed_ms=82
2026-08-09 16:44:53.286 OK status=200 len=729 elapsed_ms=94
2026-08-09 16:45:06.478 OK status=200 len=729 elapsed_ms=76
2026-08-09 16:45:19.652 OK status=200 len=729 elapsed_ms=207
2026-08-09 16:45:32.962 OK status=200 len=729 elapsed_ms=70
2026-08-09 16:45:46.136 OK status=200 len=729 elapsed_ms=68
2026-08-09 16:45:59.309 OK status=200 len=729 elapsed_ms=68
2026-08-09 16:46:12.486 RECONNECT_NEEDED prev_ssid="" prev_state="disconnected"
2026-08-09 16:46:12.486 OK status=200 len=729 elapsed_ms=100
2026-08-09 16:46:28.373 OK status=200 len=729 elapsed_ms=1638
2026-08-09 16:46:43.118 OK status=200 len=729 elapsed_ms=72
2026-08-09 16:46:56.290 OK status=200 len=729 elapsed_ms=59
2026-08-09 16:47:09.444 OK status=200 len=729 elapsed_ms=81
2026-08-09 16:47:22.637 OK status=200 len=729 elapsed_ms=94
2026-08-09 16:47:35.837 OK status=200 len=729 elapsed_ms=164
2026-08-09 16:47:49.089 OK status=200 len=729 elapsed_ms=83
2026-08-09 16:48:02.271 OK status=200 len=729 elapsed_ms=90
2026-08-09 16:48:15.455 OK status=200 len=729 elapsed_ms=83
2026-08-09 16:48:28.647 OK status=200 len=729 elapsed_ms=88
2026-08-09 16:48:41.846 OK status=200 len=729 elapsed_ms=76
2026-08-09 16:48:55.024 OK status=200 len=729 elapsed_ms=77
2026-08-09 16:49:08.204 OK status=200 len=729 elapsed_ms=230
2026-08-09 16:49:21.533 OK status=200 len=729 elapsed_ms=88
2026-08-09 16:49:34.714 OK status=200 len=729 elapsed_ms=74
2026-08-09 16:49:47.897 OK status=200 len=729 elapsed_ms=82
2026-08-09 16:50:01.097 OK status=200 len=729 elapsed_ms=88
2026-08-09 16:50:14.283 OK status=200 len=729 elapsed_ms=82
2026-08-09 16:50:27.456 OK status=200 len=729 elapsed_ms=92
2026-08-09 16:50:40.640 OK status=200 len=729 elapsed_ms=677
2026-08-09 16:50:54.418 OK status=200 len=729 elapsed_ms=71
2026-08-09 16:51:07.582 OK status=200 len=729 elapsed_ms=94
2026-08-09 16:51:20.782 OK status=200 len=729 elapsed_ms=86
2026-08-09 16:51:33.975 OK status=200 len=729 elapsed_ms=84
2026-08-09 16:51:47.164 OK status=200 len=729 elapsed_ms=235
2026-08-09 16:52:00.513 OK status=200 len=729 elapsed_ms=87
2026-08-09 16:52:13.701 OK status=200 len=729 elapsed_ms=76
2026-08-09 16:52:26.876 OK status=200 len=729 elapsed_ms=72
2026-08-09 16:52:40.039 OK status=200 len=729 elapsed_ms=79
2026-08-09 16:52:53.222 OK status=200 len=729 elapsed_ms=83
2026-08-09 16:53:06.406 OK status=200 len=729 elapsed_ms=75
2026-08-09 16:53:19.578 OK status=200 len=729 elapsed_ms=2450
2026-08-09 16:53:35.121 OK status=200 len=729 elapsed_ms=89
2026-08-09 16:53:48.310 OK status=200 len=729 elapsed_ms=83
2026-08-09 16:54:01.495 OK status=200 len=729 elapsed_ms=81
2026-08-09 16:54:14.683 OK status=200 len=729 elapsed_ms=90
2026-08-09 16:54:27.871 OK status=200 len=729 elapsed_ms=3167
2026-08-09 16:54:44.131 OK status=200 len=729 elapsed_ms=76
2026-08-09 16:54:57.313 OK status=200 len=729 elapsed_ms=73
2026-08-09 16:55:10.489 OK status=200 len=729 elapsed_ms=88
2026-08-09 16:55:23.679 OK status=200 len=729 elapsed_ms=102
2026-08-09 16:55:36.878 OK status=200 len=729 elapsed_ms=630
2026-08-09 16:55:50.607 OK status=200 len=729 elapsed_ms=71
2026-08-09 16:56:03.780 OK status=200 len=729 elapsed_ms=77
2026-08-09 16:56:16.951 OK status=200 len=729 elapsed_ms=73
2026-08-09 16:56:30.139 OK status=200 len=729 elapsed_ms=86
2026-08-09 16:56:43.323 OK status=200 len=729 elapsed_ms=88
2026-08-09 16:56:56.523 OK status=200 len=729 elapsed_ms=102
2026-08-09 16:57:09.736 OK status=200 len=729 elapsed_ms=87
2026-08-09 16:57:22.995 OK status=200 len=729 elapsed_ms=79
2026-08-09 16:57:36.199 OK status=200 len=729 elapsed_ms=69
2026-08-09 16:57:49.393 OK status=200 len=729 elapsed_ms=86
2026-08-09 16:58:02.587 OK status=200 len=729 elapsed_ms=68
2026-08-09 16:58:15.762 OK status=200 len=729 elapsed_ms=2739
2026-08-09 16:58:31.626 OK status=200 len=729 elapsed_ms=80
2026-08-09 16:58:44.837 OK status=200 len=729 elapsed_ms=75
2026-08-09 16:58:58.041 OK status=200 len=729 elapsed_ms=76
2026-08-09 16:59:11.226 OK status=200 len=729 elapsed_ms=77
2026-08-09 16:59:24.405 OK status=200 len=729 elapsed_ms=291
2026-08-09 16:59:37.806 OK status=200 len=729 elapsed_ms=73
2026-08-09 16:59:50.996 OK status=200 len=729 elapsed_ms=78
2026-08-09 17:00:04.179 OK status=200 len=729 elapsed_ms=74
2026-08-09 17:00:17.374 OK status=200 len=729 elapsed_ms=75
2026-08-09 17:00:30.548 OK status=200 len=729 elapsed_ms=6122
2026-08-09 17:00:49.771 OK status=200 len=729 elapsed_ms=77
2026-08-09 17:01:02.956 OK status=200 len=729 elapsed_ms=83
2026-08-09 17:01:16.135 OK status=200 len=729 elapsed_ms=75
2026-08-09 17:01:29.300 OK status=200 len=729 elapsed_ms=66
2026-08-09 17:01:42.459 OK status=200 len=729 elapsed_ms=1612
2026-08-09 17:01:57.162 OK status=200 len=729 elapsed_ms=70
2026-08-09 17:02:10.323 OK status=200 len=729 elapsed_ms=62
2026-08-09 17:02:23.521 OK status=200 len=729 elapsed_ms=74
2026-08-09 17:02:36.704 OK status=200 len=729 elapsed_ms=79
2026-08-09 17:02:49.884 OK status=200 len=729 elapsed_ms=718
2026-08-09 17:03:03.714 OK status=200 len=729 elapsed_ms=64
2026-08-09 17:03:16.878 RECONNECT_NEEDED prev_ssid="MUTHIYATTIRI 2.4GHz" prev_state="connected"
2026-08-09 17:03:16.878 FAIL: The operation has timed out.
2026-08-09 17:03:38.191 RECONNECT_NEEDED prev_ssid="MUTHIYATTIRI 2.4GHz" prev_state="connected"
2026-08-09 17:03:38.191 OK status=200 len=729 elapsed_ms=89
2026-08-09 17:03:53.468 POLLING COMPLETE
